// Vitest Snapshot v1

exports[`HelloWorld component > HelloWorld component 1`] = `
"<div>4 x 2 = 8</div>
<button>x1</button>"
`;
